127.0.0.1 - - [02/Aug/2022:09:49:40 +0900] "GET / HTTP/1.1" 404 807
0:0:0:0:0:0:0:1 - - [02/Aug/2022:09:49:42 +0900] "GET /ServletProject/directive/IncludeEx.jsp HTTP/1.1" 200 580
0:0:0:0:0:0:0:1 - - [02/Aug/2022:09:49:42 +0900] "GET /favicon.ico HTTP/1.1" 404 818
127.0.0.1 - - [02/Aug/2022:09:50:13 +0900] "GET / HTTP/1.1" 404 807
0:0:0:0:0:0:0:1 - - [02/Aug/2022:09:50:15 +0900] "GET /ServletProject/directive/Bottom.jsp HTTP/1.1" 200 140
127.0.0.1 - - [02/Aug/2022:09:50:54 +0900] "GET / HTTP/1.1" 404 807
0:0:0:0:0:0:0:1 - - [02/Aug/2022:09:50:55 +0900] "GET /ServletProject/directive/Bottom.jsp HTTP/1.1" 200 263
127.0.0.1 - - [02/Aug/2022:09:52:02 +0900] "GET / HTTP/1.1" 404 807
127.0.0.1 - - [02/Aug/2022:09:53:20 +0900] "GET / HTTP/1.1" 404 807
0:0:0:0:0:0:0:1 - - [02/Aug/2022:09:53:20 +0900] "GET /ServletProject/directive/IncludeEx.jsp HTTP/1.1" 200 580
0:0:0:0:0:0:0:1 - - [02/Aug/2022:09:53:27 +0900] "GET /ServletProject/directive/IncludeEx%E3%85%93%E3%85%97%ED%98%B8%E3%85%93%E3%85%8E%EB%A0%87.jsp HTTP/1.1" 200 269
0:0:0:0:0:0:0:1 - - [02/Aug/2022:09:53:50 +0900] "GET /ServletProject/directive/IncludeEx.jsp HTTP/1.1" 200 580
0:0:0:0:0:0:0:1 - - [02/Aug/2022:09:53:53 +0900] "GET /ServletProject/directive/4.jsp HTTP/1.1" 200 272
0:0:0:0:0:0:0:1 - - [02/Aug/2022:09:54:24 +0900] "GET /ServletProject/directive/IncludeEx.jsp HTTP/1.1" 200 267
127.0.0.1 - - [02/Aug/2022:10:08:58 +0900] "GET / HTTP/1.1" 404 807
0:0:0:0:0:0:0:1 - - [02/Aug/2022:10:08:58 +0900] "GET /ServletProject/directive/Errinvoke.jsp HTTP/1.1" 200 484
127.0.0.1 - - [02/Aug/2022:10:09:41 +0900] "GET / HTTP/1.1" 404 807
0:0:0:0:0:0:0:1 - - [02/Aug/2022:10:09:43 +0900] "GET /ServletProject/directive/Errinvoke.jsp HTTP/1.1" 200 202
0:0:0:0:0:0:0:1 - - [02/Aug/2022:10:13:06 +0900] "GET /ServletProject/directive/Errinvoke.jsp HTTP/1.1" 200 202
127.0.0.1 - - [02/Aug/2022:10:22:40 +0900] "GET / HTTP/1.1" 404 807
0:0:0:0:0:0:0:1 - - [02/Aug/2022:10:22:41 +0900] "GET /ServletProject/directive/Errinvoke.jsp HTTP/1.1" 200 202
127.0.0.1 - - [02/Aug/2022:10:23:12 +0900] "GET / HTTP/1.1" 404 807
0:0:0:0:0:0:0:1 - - [02/Aug/2022:10:23:13 +0900] "GET /ServletProject/implicit/ReqEx01.jsp HTTP/1.1" 200 511
127.0.0.1 - - [02/Aug/2022:10:43:08 +0900] "GET / HTTP/1.1" 404 807
0:0:0:0:0:0:0:1 - - [02/Aug/2022:10:43:10 +0900] "GET /ServletProject/implicit/ReqEx01.jsp HTTP/1.1" 200 672
127.0.0.1 - - [02/Aug/2022:10:58:31 +0900] "GET / HTTP/1.1" 404 807
0:0:0:0:0:0:0:1 - - [02/Aug/2022:10:58:32 +0900] "GET /ServletProject/implicit/ReqEx02.jsp HTTP/1.1" 200 617
0:0:0:0:0:0:0:1 - - [02/Aug/2022:10:58:59 +0900] "POST /ServletProject/implicit/viewParameter.jsp HTTP/1.1" 200 272
127.0.0.1 - - [02/Aug/2022:11:13:28 +0900] "GET / HTTP/1.1" 404 807
0:0:0:0:0:0:0:1 - - [02/Aug/2022:11:13:29 +0900] "GET /ServletProject/implicit/ReqEx02.jsp HTTP/1.1" 200 617
0:0:0:0:0:0:0:1 - - [02/Aug/2022:11:13:34 +0900] "POST /ServletProject/implicit/viewParameter.jsp HTTP/1.1" 200 377
127.0.0.1 - - [02/Aug/2022:11:20:52 +0900] "GET / HTTP/1.1" 404 807
0:0:0:0:0:0:0:1 - - [02/Aug/2022:11:20:53 +0900] "GET /ServletProject/implicit/ReqEx02.jsp HTTP/1.1" 200 617
0:0:0:0:0:0:0:1 - - [02/Aug/2022:11:20:58 +0900] "POST /ServletProject/implicit/viewParameter.jsp HTTP/1.1" 200 568
127.0.0.1 - - [02/Aug/2022:11:42:30 +0900] "GET / HTTP/1.1" 404 807
0:0:0:0:0:0:0:1 - - [02/Aug/2022:11:42:31 +0900] "GET /ServletProject/implicit/ReqEx03.jsp HTTP/1.1" 200 1062
127.0.0.1 - - [02/Aug/2022:11:51:20 +0900] "GET / HTTP/1.1" 404 807
0:0:0:0:0:0:0:1 - - [02/Aug/2022:11:51:21 +0900] "GET /ServletProject/implicit/pageEx.jsp HTTP/1.1" 200 304
127.0.0.1 - - [02/Aug/2022:12:03:07 +0900] "GET / HTTP/1.1" 404 807
127.0.0.1 - - [02/Aug/2022:12:08:17 +0900] "GET / HTTP/1.1" 404 807
0:0:0:0:0:0:0:1 - - [02/Aug/2022:12:08:18 +0900] "GET /ServletProject/implicit/appEx02.jsp HTTP/1.1" 200 274
127.0.0.1 - - [02/Aug/2022:13:36:43 +0900] "GET / HTTP/1.1" 404 807
0:0:0:0:0:0:0:1 - - [02/Aug/2022:13:36:44 +0900] "GET /ServletProject/implicit/bufferEx.jsp HTTP/1.1" 200 264
127.0.0.1 - - [02/Aug/2022:13:38:24 +0900] "GET / HTTP/1.1" 404 807
0:0:0:0:0:0:0:1 - - [02/Aug/2022:13:38:25 +0900] "GET /ServletProject/implicit/bufferEx.jsp HTTP/1.1" 200 262
127.0.0.1 - - [02/Aug/2022:14:04:36 +0900] "GET / HTTP/1.1" 404 807
0:0:0:0:0:0:0:1 - - [02/Aug/2022:14:04:37 +0900] "GET /ServletProject/implicit/attrEx.jsp HTTP/1.1" 200 242
127.0.0.1 - - [02/Aug/2022:14:05:13 +0900] "GET / HTTP/1.1" 404 807
0:0:0:0:0:0:0:1 - - [02/Aug/2022:14:05:14 +0900] "GET /ServletProject/implicit/attrEx.jsp HTTP/1.1" 200 242
127.0.0.1 - - [02/Aug/2022:14:32:55 +0900] "GET / HTTP/1.1" 404 807
127.0.0.1 - - [02/Aug/2022:14:34:00 +0900] "GET / HTTP/1.1" 404 807
0:0:0:0:0:0:0:1 - - [02/Aug/2022:14:34:01 +0900] "GET /ServletProject/sample/simpleform.jsp HTTP/1.1" 200 336
0:0:0:0:0:0:0:1 - - [02/Aug/2022:14:34:05 +0900] "POST /ServletProject/sample/simpleBean.jsp HTTP/1.1" 200 285
